// Jest Snapshot v1, https://goo.gl/fbAQLP

exports[`matches snapshot 1`] = `
<DocumentFragment>
  <div
    class="SignupForm"
  >
    <div
      class="container col-md-6 offset-md-3 col-lg-4 offset-lg-4"
    >
      <h2
        class="mb-3"
      >
        Sign Up
      </h2>
      <div
        class="card"
      >
        <div
          class="card-body"
        >
          <form>
            <div
              class="mb-3"
            >
              <label
                class="form-label"
              >
                Username
              </label>
              <input
                class="form-control"
                name="username"
                value=""
              />
            </div>
            <div
              class="mb-3"
            >
              <label
                class="form-label"
              >
                Password
              </label>
              <input
                class="form-control"
                name="password"
                type="password"
                value=""
              />
            </div>
            <div
              class="mb-3"
            >
              <label
                class="form-label"
              >
                First name
              </label>
              <input
                class="form-control"
                name="firstName"
                value=""
              />
            </div>
            <div
              class="mb-3"
            >
              <label
                class="form-label"
              >
                Last name
              </label>
              <input
                class="form-control"
                name="lastName"
                value=""
              />
            </div>
            <div
              class="mb-3"
            >
              <label
                class="form-label"
              >
                Email
              </label>
              <input
                class="form-control"
                name="email"
                type="email"
                value=""
              />
            </div>
            <div
              class="d-grid"
            >
              <button
                class="btn btn-primary"
              >
                Submit
              </button>
            </div>
          </form>
        </div>
      </div>
    </div>
  </div>
</DocumentFragment>
`;
