// Jest Snapshot v1, https://goo.gl/fbAQLP

exports[`matches snapshot 1`] = `
<DocumentFragment>
  <div
    class="JobCardList"
  >
    <div
      class="JobCard card"
    >
       
      <div
        class="card-body"
      >
        <h6
          class="card-title"
        >
          test-title
        </h6>
        <p>
          company-test
        </p>
        <div>
          <small>
            Salary: 10
          </small>
        </div>
        <div>
          <small>
            Equity: 0.1
          </small>
        </div>
        <button
          class="btn btn-danger fw-bold text-uppercase float-end"
        >
          Apply
        </button>
      </div>
    </div>
  </div>
</DocumentFragment>
`;
