// Jest Snapshot v1, https://goo.gl/fbAQLP

exports[`matches snapshot 1`] = `
<DocumentFragment>
  <div
    class="JobCard card"
  >
    <div
      class="card-body"
    >
      <h6
        class="card-title"
      />
      <p />
    </div>
  </div>
</DocumentFragment>
`;
